  Determining projects to restore...
  All projects are up-to-date for restore.
  TanukiPanel -> C:\Users\hp\RiderProjects\Tanuki-Panel\bin\Debug\net9.0\TanukiPanel.dll

Build succeeded.
    0 Warning(s)
    0 Error(s)

Time Elapsed 00:00:03.15

Workload updates are available. Run `dotnet workload list` for more information.
